$TYPE som
$GRID_TOPOLOGY planar
$GRID_LAYOUT rectangular
$XDIM 100
$YDIM 60
$ZDIM 1
$VEC_DIM 10
$STORAGE_DATE 30.01.22, 18:48
$TRAINING_TIME 
$LEARNRATE_TYPE exponential
$LEARNRATE_INIT 0.7
$NEIGHBORHOOD_TYPE exponential
$NEIGHBORHOOD_INIT 50.0
$RAND_INIT 7
$ITERATIONS_TOTAL 1500
$NR_TRAINVEC_TOTAL 850
$ADAPTIVE_COORDINATES_THRESHOLD 
$VEC_NORMALIZED false
$QUANTERROR_MAP <error receiving value: Quality measure with name mqe not found.>
$QUANTERROR_VEC <error receiving value: Quality measure with name mqe not found.>
$URL_TRAINING_VEC /home/clemens/Dokumente/Bildung/TU Wien/1. Semester/Selbstorganisierende Systeme/Uebung 3/10 Clusters/10clusters.vec
$URL_TRAINING_VEC_DESCR 
$URL_WEIGHT_VEC /home/clemens/Dokumente/Bildung/TU Wien/1. Semester/Selbstorganisierende Systeme/Uebung 3/Results/10clusters/large/10clusters_large.wgt
$URL_QUANTERR_MAP 
$URL_MAPPED_INPUT_VEC 
$URL_MAPPED_INPUT_VEC_DESCR 
$URL_UNIT_DESCR /home/clemens/Dokumente/Bildung/TU Wien/1. Semester/Selbstorganisierende Systeme/Uebung 3/Results/10clusters/large/10clusters_large.unit
$URL_TEMPLATE_VECTOR /home/clemens/Dokumente/Bildung/TU Wien/1. Semester/Selbstorganisierende Systeme/Uebung 3/10 Clusters/10clusters.tv
$URL_DATA_WINNER_MAPPING /home/clemens/Dokumente/Bildung/TU Wien/1. Semester/Selbstorganisierende Systeme/Uebung 3/Results/10clusters/large/10clusters_large.dwm
$URL_CLASS_INFO 
$URL_LABELS 
$METRIC at.tuwien.ifs.somtoolbox.layers.metrics.L2Metric
$LAYER_REVISION $Revision: 4300 $
$DESCRIPTION 
$AVAILABLE_VIS 
$DATA_TYPE unknown
$DATA_DIM 
